root@ubuntu:~/eudyptula/Task08# make
make -C /lib/modules/`uname -r`/build M=$PWD modules
make[1]: Entering directory '/usr/src/linux-headers-4.11.0-eudyptula-next-20170508+'
  Building modules, stage 2.
  MODPOST 1 modules
make[1]: Leaving directory '/usr/src/linux-headers-4.11.0-eudyptula-next-20170508+'
root@ubuntu:~/eudyptula/Task08# insmod debug_fs_foo.ko
root@ubuntu:~/eudyptula/Task08# cat /sys/kernel/debug/eudyptula/id 
ebfdde43b12aroot@ubuntu:~/eudyptula/Task08# 
root@ubuntu:~/eudyptula/Task08# echo "ebfdde43b12d" > /sys/kernel/debug/eudyptula/id
-bash: echo: write error: Invalid argument
root@ubuntu:~/eudyptula/Task08# echo "ebfdde43b12a" > /sys/kernel/debug/eudyptula/id
root@ubuntu:~/eudyptula/Task08# cat /sys/kernel/debug/eudyptula/jiffies 
4302436562
root@ubuntu:~/eudyptula/Task08# python -c 'print "a"*200' > /sys/kernel/debug/eudyptula/foo 
root@ubuntu:~/eudyptula/Task08# cat /sys/kernel/debug/eudyptula/foo 
aaaaaaaaaaaaaaaaaaaaaaaaaaaaaaaaaaaaaaaaaaaaaaaaaaaaaaaaaaaaaaaaaaaaaaaaaaaaaaaaaaaaaaaaaaaaaaaaaaaaaaaaaaaaaaaaaaaaaaaaaaaaaaaaaaaaaaaaaaaaaaaaaaaaaaaaaaaaaaaaaaaaaaaaaaaaaaaaaaaaaaaaaaaaaaaaaaaaaaaa
root@ubuntu:~/eudyptula/Task08# python -c 'print "a"*8192' > /sys/kernel/debug/eudyptula/foo 
Traceback (most recent call last):
  File "<string>", line 1, in <module>
IOError: [Errno 22] Invalid argument
root@ubuntu:~/eudyptula/Task08# 

